// Jest Snapshot v1, https://goo.gl/fbAQLP

exports[`language bindings 1`] = `
"/**
 * @schema Name
 */
export interface Name {
  /**
   * @schema Name#first
   */
  readonly first: string;

  /**
   * @schema Name#middle
   */
  readonly middle?: string;

  /**
   * @schema Name#last
   */
  readonly last: string;

  /**
   * @schema Name#objectWithTypedAdditionalPropertiesOnly
   */
  readonly objectWithTypedAdditionalPropertiesOnly?: { [key: string]: string };

  /**
   * @schema Name#objectWithPropertiesAndBooleanAdditionalProperties
   */
  readonly objectWithPropertiesAndBooleanAdditionalProperties?: NameObjectWithPropertiesAndBooleanAdditionalProperties;

  /**
   * @schema Name#objectWithPropertiesAndTypedAdditionalProperties
   */
  readonly objectWithPropertiesAndTypedAdditionalProperties?: NameObjectWithPropertiesAndTypedAdditionalProperties;

  [key: string]: any;
}

/**
 * Converts an object of type 'Name' to JSON representation.
 */
/* eslint-disable max-len, quote-props */
export function toJson_Name(obj: Name | undefined): Record<string, any> | undefined {
  if (obj === undefined) { return undefined; }
  const result: Record<string, any> = {
    'first': obj.first,
    'middle': obj.middle,
    'last': obj.last,
    'objectWithTypedAdditionalPropertiesOnly': ((obj.objectWithTypedAdditionalPropertiesOnly) === undefined) ? undefined : (Object.entries(obj.objectWithTypedAdditionalPropertiesOnly).reduce((r, [k, v]) => (v === undefined) ? r : ({ ...r, [k]: v }), {})),
    'objectWithPropertiesAndBooleanAdditionalProperties': toJson_NameObjectWithPropertiesAndBooleanAdditionalProperties(obj.objectWithPropertiesAndBooleanAdditionalProperties),
    'objectWithPropertiesAndTypedAdditionalProperties': toJson_NameObjectWithPropertiesAndTypedAdditionalProperties(obj.objectWithPropertiesAndTypedAdditionalProperties),
  };
  for (const [k, v] of Object.entries(obj)) {
    const key = k.replace(/^./, k[0].toUpperCase());
    if (!result[key]) {
      result[key] = v;
    };
  };
  // filter undefined values
  return Object.entries(result).reduce((r, [k, v]) => (v === undefined) ? r : ({ ...r, [k]: v }), {});
}
/* eslint-enable max-len, quote-props */

/**
 * @schema NameObjectWithPropertiesAndBooleanAdditionalProperties
 */
export interface NameObjectWithPropertiesAndBooleanAdditionalProperties {
  /**
   * @schema NameObjectWithPropertiesAndBooleanAdditionalProperties#name
   */
  readonly name?: string;

  [key: string]: any;
}

/**
 * Converts an object of type 'NameObjectWithPropertiesAndBooleanAdditionalProperties' to JSON representation.
 */
/* eslint-disable max-len, quote-props */
export function toJson_NameObjectWithPropertiesAndBooleanAdditionalProperties(obj: NameObjectWithPropertiesAndBooleanAdditionalProperties | undefined): Record<string, any> | undefined {
  if (obj === undefined) { return undefined; }
  const result: Record<string, any> = {
    'name': obj.name,
  };
  for (const [k, v] of Object.entries(obj)) {
    const key = k.replace(/^./, k[0].toUpperCase());
    if (!result[key]) {
      result[key] = v;
    };
  };
  // filter undefined values
  return Object.entries(result).reduce((r, [k, v]) => (v === undefined) ? r : ({ ...r, [k]: v }), {});
}
/* eslint-enable max-len, quote-props */

/**
 * @schema NameObjectWithPropertiesAndTypedAdditionalProperties
 */
export interface NameObjectWithPropertiesAndTypedAdditionalProperties {
  /**
   * @schema NameObjectWithPropertiesAndTypedAdditionalProperties#name
   */
  readonly name?: string;

  [key: string]: string | undefined;
}

/**
 * Converts an object of type 'NameObjectWithPropertiesAndTypedAdditionalProperties' to JSON representation.
 */
/* eslint-disable max-len, quote-props */
export function toJson_NameObjectWithPropertiesAndTypedAdditionalProperties(obj: NameObjectWithPropertiesAndTypedAdditionalProperties | undefined): Record<string, any> | undefined {
  if (obj === undefined) { return undefined; }
  const result: Record<string, any> = {
    'name': obj.name,
  };
  for (const [k, v] of Object.entries(obj)) {
    const key = k.replace(/^./, k[0].toUpperCase());
    if (!result[key]) {
      result[key] = v;
    };
  };
  // filter undefined values
  return Object.entries(result).reduce((r, [k, v]) => (v === undefined) ? r : ({ ...r, [k]: v }), {});
}
/* eslint-enable max-len, quote-props */
"
`;

exports[`language bindings 2`] = `
"import abc
import builtins
import datetime
import enum
import typing

import jsii
import publication
import typing_extensions

from ._jsii import *


@jsii.data_type(
    jsii_type=\\"1bc04b5291c26a46d918139138b992d2de976d6851d0893b0476b85bfbdfc6e6.Name\\",
    jsii_struct_bases=[],
    name_mapping={
        \\"first\\": \\"first\\",
        \\"last\\": \\"last\\",
        \\"middle\\": \\"middle\\",
        \\"object_with_properties_and_boolean_additional_properties\\": \\"objectWithPropertiesAndBooleanAdditionalProperties\\",
        \\"object_with_properties_and_typed_additional_properties\\": \\"objectWithPropertiesAndTypedAdditionalProperties\\",
        \\"object_with_typed_additional_properties_only\\": \\"objectWithTypedAdditionalPropertiesOnly\\",
    },
)
class Name:
    def __init__(
        self,
        *,
        first: builtins.str,
        last: builtins.str,
        middle: typing.Optional[builtins.str] = None,
        object_with_properties_and_boolean_additional_properties: typing.Optional[\\"NameObjectWithPropertiesAndBooleanAdditionalProperties\\"] = None,
        object_with_properties_and_typed_additional_properties: typing.Optional[\\"NameObjectWithPropertiesAndTypedAdditionalProperties\\"] = None,
        object_with_typed_additional_properties_only: typing.Optional[typing.Mapping[builtins.str, builtins.str]] = None,
    ) -> None:
        '''
        :param first: 
        :param last: 
        :param middle: 
        :param object_with_properties_and_boolean_additional_properties: 
        :param object_with_properties_and_typed_additional_properties: 
        :param object_with_typed_additional_properties_only: 

        :schema: Name
        '''
        if isinstance(object_with_properties_and_boolean_additional_properties, dict):
            object_with_properties_and_boolean_additional_properties = NameObjectWithPropertiesAndBooleanAdditionalProperties(**object_with_properties_and_boolean_additional_properties)
        if isinstance(object_with_properties_and_typed_additional_properties, dict):
            object_with_properties_and_typed_additional_properties = NameObjectWithPropertiesAndTypedAdditionalProperties(**object_with_properties_and_typed_additional_properties)
        self._values: typing.Dict[str, typing.Any] = {
            \\"first\\": first,
            \\"last\\": last,
        }
        if middle is not None:
            self._values[\\"middle\\"] = middle
        if object_with_properties_and_boolean_additional_properties is not None:
            self._values[\\"object_with_properties_and_boolean_additional_properties\\"] = object_with_properties_and_boolean_additional_properties
        if object_with_properties_and_typed_additional_properties is not None:
            self._values[\\"object_with_properties_and_typed_additional_properties\\"] = object_with_properties_and_typed_additional_properties
        if object_with_typed_additional_properties_only is not None:
            self._values[\\"object_with_typed_additional_properties_only\\"] = object_with_typed_additional_properties_only

    @builtins.property
    def first(self) -> builtins.str:
        '''
        :schema: Name#first
        '''
        result = self._values.get(\\"first\\")
        assert result is not None, \\"Required property 'first' is missing\\"
        return typing.cast(builtins.str, result)

    @builtins.property
    def last(self) -> builtins.str:
        '''
        :schema: Name#last
        '''
        result = self._values.get(\\"last\\")
        assert result is not None, \\"Required property 'last' is missing\\"
        return typing.cast(builtins.str, result)

    @builtins.property
    def middle(self) -> typing.Optional[builtins.str]:
        '''
        :schema: Name#middle
        '''
        result = self._values.get(\\"middle\\")
        return typing.cast(typing.Optional[builtins.str], result)

    @builtins.property
    def object_with_properties_and_boolean_additional_properties(
        self,
    ) -> typing.Optional[\\"NameObjectWithPropertiesAndBooleanAdditionalProperties\\"]:
        '''
        :schema: Name#objectWithPropertiesAndBooleanAdditionalProperties
        '''
        result = self._values.get(\\"object_with_properties_and_boolean_additional_properties\\")
        return typing.cast(typing.Optional[\\"NameObjectWithPropertiesAndBooleanAdditionalProperties\\"], result)

    @builtins.property
    def object_with_properties_and_typed_additional_properties(
        self,
    ) -> typing.Optional[\\"NameObjectWithPropertiesAndTypedAdditionalProperties\\"]:
        '''
        :schema: Name#objectWithPropertiesAndTypedAdditionalProperties
        '''
        result = self._values.get(\\"object_with_properties_and_typed_additional_properties\\")
        return typing.cast(typing.Optional[\\"NameObjectWithPropertiesAndTypedAdditionalProperties\\"], result)

    @builtins.property
    def object_with_typed_additional_properties_only(
        self,
    ) -> typing.Optional[typing.Mapping[builtins.str, builtins.str]]:
        '''
        :schema: Name#objectWithTypedAdditionalPropertiesOnly
        '''
        result = self._values.get(\\"object_with_typed_additional_properties_only\\")
        return typing.cast(typing.Optional[typing.Mapping[builtins.str, builtins.str]], result)

    def __eq__(self, rhs: typing.Any) -> builtins.bool:
        return isinstance(rhs, self.__class__) and rhs._values == self._values

    def __ne__(self, rhs: typing.Any) -> builtins.bool:
        return not (rhs == self)

    def __repr__(self) -> str:
        return \\"Name(%s)\\" % \\", \\".join(
            k + \\"=\\" + repr(v) for k, v in self._values.items()
        )


@jsii.data_type(
    jsii_type=\\"1bc04b5291c26a46d918139138b992d2de976d6851d0893b0476b85bfbdfc6e6.NameObjectWithPropertiesAndBooleanAdditionalProperties\\",
    jsii_struct_bases=[],
    name_mapping={\\"name\\": \\"name\\"},
)
class NameObjectWithPropertiesAndBooleanAdditionalProperties:
    def __init__(self, *, name: typing.Optional[builtins.str] = None) -> None:
        '''
        :param name: 

        :schema: NameObjectWithPropertiesAndBooleanAdditionalProperties
        '''
        self._values: typing.Dict[str, typing.Any] = {}
        if name is not None:
            self._values[\\"name\\"] = name

    @builtins.property
    def name(self) -> typing.Optional[builtins.str]:
        '''
        :schema: NameObjectWithPropertiesAndBooleanAdditionalProperties#name
        '''
        result = self._values.get(\\"name\\")
        return typing.cast(typing.Optional[builtins.str], result)

    def __eq__(self, rhs: typing.Any) -> builtins.bool:
        return isinstance(rhs, self.__class__) and rhs._values == self._values

    def __ne__(self, rhs: typing.Any) -> builtins.bool:
        return not (rhs == self)

    def __repr__(self) -> str:
        return \\"NameObjectWithPropertiesAndBooleanAdditionalProperties(%s)\\" % \\", \\".join(
            k + \\"=\\" + repr(v) for k, v in self._values.items()
        )


@jsii.data_type(
    jsii_type=\\"1bc04b5291c26a46d918139138b992d2de976d6851d0893b0476b85bfbdfc6e6.NameObjectWithPropertiesAndTypedAdditionalProperties\\",
    jsii_struct_bases=[],
    name_mapping={\\"name\\": \\"name\\"},
)
class NameObjectWithPropertiesAndTypedAdditionalProperties:
    def __init__(self, *, name: typing.Optional[builtins.str] = None) -> None:
        '''
        :param name: 

        :schema: NameObjectWithPropertiesAndTypedAdditionalProperties
        '''
        self._values: typing.Dict[str, typing.Any] = {}
        if name is not None:
            self._values[\\"name\\"] = name

    @builtins.property
    def name(self) -> typing.Optional[builtins.str]:
        '''
        :schema: NameObjectWithPropertiesAndTypedAdditionalProperties#name
        '''
        result = self._values.get(\\"name\\")
        return typing.cast(typing.Optional[builtins.str], result)

    def __eq__(self, rhs: typing.Any) -> builtins.bool:
        return isinstance(rhs, self.__class__) and rhs._values == self._values

    def __ne__(self, rhs: typing.Any) -> builtins.bool:
        return not (rhs == self)

    def __repr__(self) -> str:
        return \\"NameObjectWithPropertiesAndTypedAdditionalProperties(%s)\\" % \\", \\".join(
            k + \\"=\\" + repr(v) for k, v in self._values.items()
        )


__all__ = [
    \\"Name\\",
    \\"NameObjectWithPropertiesAndBooleanAdditionalProperties\\",
    \\"NameObjectWithPropertiesAndTypedAdditionalProperties\\",
]

publication.publish()
"
`;

exports[`language bindings 3`] = `
"package org.myorg;

/**
 */
@software.amazon.jsii.Jsii(module = org.myorg.$Module.class, fqn = \\"1bc04b5291c26a46d918139138b992d2de976d6851d0893b0476b85bfbdfc6e6.Name\\")
@software.amazon.jsii.Jsii.Proxy(Name.Jsii$Proxy.class)
public interface Name extends software.amazon.jsii.JsiiSerializable {

    /**
     */
    @org.jetbrains.annotations.NotNull java.lang.String getFirst();

    /**
     */
    @org.jetbrains.annotations.NotNull java.lang.String getLast();

    /**
     */
    default @org.jetbrains.annotations.Nullable java.lang.String getMiddle() {
        return null;
    }

    /**
     */
    default @org.jetbrains.annotations.Nullable org.myorg.NameObjectWithPropertiesAndBooleanAdditionalProperties getObjectWithPropertiesAndBooleanAdditionalProperties() {
        return null;
    }

    /**
     */
    default @org.jetbrains.annotations.Nullable org.myorg.NameObjectWithPropertiesAndTypedAdditionalProperties getObjectWithPropertiesAndTypedAdditionalProperties() {
        return null;
    }

    /**
     */
    default @org.jetbrains.annotations.Nullable java.util.Map<java.lang.String, java.lang.String> getObjectWithTypedAdditionalPropertiesOnly() {
        return null;
    }

    /**
     * @return a {@link Builder} of {@link Name}
     */
    static Builder builder() {
        return new Builder();
    }
    /**
     * A builder for {@link Name}
     */
    public static final class Builder implements software.amazon.jsii.Builder<Name> {
        private java.lang.String first;
        private java.lang.String last;
        private java.lang.String middle;
        private org.myorg.NameObjectWithPropertiesAndBooleanAdditionalProperties objectWithPropertiesAndBooleanAdditionalProperties;
        private org.myorg.NameObjectWithPropertiesAndTypedAdditionalProperties objectWithPropertiesAndTypedAdditionalProperties;
        private java.util.Map<java.lang.String, java.lang.String> objectWithTypedAdditionalPropertiesOnly;

        /**
         * Sets the value of {@link Name#getFirst}
         * @param first the value to be set. This parameter is required.
         * @return {@code this}
         */
        public Builder first(java.lang.String first) {
            this.first = first;
            return this;
        }

        /**
         * Sets the value of {@link Name#getLast}
         * @param last the value to be set. This parameter is required.
         * @return {@code this}
         */
        public Builder last(java.lang.String last) {
            this.last = last;
            return this;
        }

        /**
         * Sets the value of {@link Name#getMiddle}
         * @param middle the value to be set.
         * @return {@code this}
         */
        public Builder middle(java.lang.String middle) {
            this.middle = middle;
            return this;
        }

        /**
         * Sets the value of {@link Name#getObjectWithPropertiesAndBooleanAdditionalProperties}
         * @param objectWithPropertiesAndBooleanAdditionalProperties the value to be set.
         * @return {@code this}
         */
        public Builder objectWithPropertiesAndBooleanAdditionalProperties(org.myorg.NameObjectWithPropertiesAndBooleanAdditionalProperties objectWithPropertiesAndBooleanAdditionalProperties) {
            this.objectWithPropertiesAndBooleanAdditionalProperties = objectWithPropertiesAndBooleanAdditionalProperties;
            return this;
        }

        /**
         * Sets the value of {@link Name#getObjectWithPropertiesAndTypedAdditionalProperties}
         * @param objectWithPropertiesAndTypedAdditionalProperties the value to be set.
         * @return {@code this}
         */
        public Builder objectWithPropertiesAndTypedAdditionalProperties(org.myorg.NameObjectWithPropertiesAndTypedAdditionalProperties objectWithPropertiesAndTypedAdditionalProperties) {
            this.objectWithPropertiesAndTypedAdditionalProperties = objectWithPropertiesAndTypedAdditionalProperties;
            return this;
        }

        /**
         * Sets the value of {@link Name#getObjectWithTypedAdditionalPropertiesOnly}
         * @param objectWithTypedAdditionalPropertiesOnly the value to be set.
         * @return {@code this}
         */
        public Builder objectWithTypedAdditionalPropertiesOnly(java.util.Map<java.lang.String, java.lang.String> objectWithTypedAdditionalPropertiesOnly) {
            this.objectWithTypedAdditionalPropertiesOnly = objectWithTypedAdditionalPropertiesOnly;
            return this;
        }

        /**
         * Builds the configured instance.
         * @return a new instance of {@link Name}
         * @throws NullPointerException if any required attribute was not provided
         */
        @Override
        public Name build() {
            return new Jsii$Proxy(first, last, middle, objectWithPropertiesAndBooleanAdditionalProperties, objectWithPropertiesAndTypedAdditionalProperties, objectWithTypedAdditionalPropertiesOnly);
        }
    }

    /**
     * An implementation for {@link Name}
     */
    @software.amazon.jsii.Internal
    final class Jsii$Proxy extends software.amazon.jsii.JsiiObject implements Name {
        private final java.lang.String first;
        private final java.lang.String last;
        private final java.lang.String middle;
        private final org.myorg.NameObjectWithPropertiesAndBooleanAdditionalProperties objectWithPropertiesAndBooleanAdditionalProperties;
        private final org.myorg.NameObjectWithPropertiesAndTypedAdditionalProperties objectWithPropertiesAndTypedAdditionalProperties;
        private final java.util.Map<java.lang.String, java.lang.String> objectWithTypedAdditionalPropertiesOnly;

        /**
         * Constructor that initializes the object based on values retrieved from the JsiiObject.
         * @param objRef Reference to the JSII managed object.
         */
        protected Jsii$Proxy(final software.amazon.jsii.JsiiObjectRef objRef) {
            super(objRef);
            this.first = software.amazon.jsii.Kernel.get(this, \\"first\\", software.amazon.jsii.NativeType.forClass(java.lang.String.class));
            this.last = software.amazon.jsii.Kernel.get(this, \\"last\\", software.amazon.jsii.NativeType.forClass(java.lang.String.class));
            this.middle = software.amazon.jsii.Kernel.get(this, \\"middle\\", software.amazon.jsii.NativeType.forClass(java.lang.String.class));
            this.objectWithPropertiesAndBooleanAdditionalProperties = software.amazon.jsii.Kernel.get(this, \\"objectWithPropertiesAndBooleanAdditionalProperties\\", software.amazon.jsii.NativeType.forClass(org.myorg.NameObjectWithPropertiesAndBooleanAdditionalProperties.class));
            this.objectWithPropertiesAndTypedAdditionalProperties = software.amazon.jsii.Kernel.get(this, \\"objectWithPropertiesAndTypedAdditionalProperties\\", software.amazon.jsii.NativeType.forClass(org.myorg.NameObjectWithPropertiesAndTypedAdditionalProperties.class));
            this.objectWithTypedAdditionalPropertiesOnly = software.amazon.jsii.Kernel.get(this, \\"objectWithTypedAdditionalPropertiesOnly\\", software.amazon.jsii.NativeType.mapOf(software.amazon.jsii.NativeType.forClass(java.lang.String.class)));
        }

        /**
         * Constructor that initializes the object based on literal property values passed by the {@link Builder}.
         */
        protected Jsii$Proxy(final java.lang.String first, final java.lang.String last, final java.lang.String middle, final org.myorg.NameObjectWithPropertiesAndBooleanAdditionalProperties objectWithPropertiesAndBooleanAdditionalProperties, final org.myorg.NameObjectWithPropertiesAndTypedAdditionalProperties objectWithPropertiesAndTypedAdditionalProperties, final java.util.Map<java.lang.String, java.lang.String> objectWithTypedAdditionalPropertiesOnly) {
            super(software.amazon.jsii.JsiiObject.InitializationMode.JSII);
            this.first = java.util.Objects.requireNonNull(first, \\"first is required\\");
            this.last = java.util.Objects.requireNonNull(last, \\"last is required\\");
            this.middle = middle;
            this.objectWithPropertiesAndBooleanAdditionalProperties = objectWithPropertiesAndBooleanAdditionalProperties;
            this.objectWithPropertiesAndTypedAdditionalProperties = objectWithPropertiesAndTypedAdditionalProperties;
            this.objectWithTypedAdditionalPropertiesOnly = objectWithTypedAdditionalPropertiesOnly;
        }

        @Override
        public final java.lang.String getFirst() {
            return this.first;
        }

        @Override
        public final java.lang.String getLast() {
            return this.last;
        }

        @Override
        public final java.lang.String getMiddle() {
            return this.middle;
        }

        @Override
        public final org.myorg.NameObjectWithPropertiesAndBooleanAdditionalProperties getObjectWithPropertiesAndBooleanAdditionalProperties() {
            return this.objectWithPropertiesAndBooleanAdditionalProperties;
        }

        @Override
        public final org.myorg.NameObjectWithPropertiesAndTypedAdditionalProperties getObjectWithPropertiesAndTypedAdditionalProperties() {
            return this.objectWithPropertiesAndTypedAdditionalProperties;
        }

        @Override
        public final java.util.Map<java.lang.String, java.lang.String> getObjectWithTypedAdditionalPropertiesOnly() {
            return this.objectWithTypedAdditionalPropertiesOnly;
        }

        @Override
        @software.amazon.jsii.Internal
        public com.fasterxml.jackson.databind.JsonNode $jsii$toJson() {
            final com.fasterxml.jackson.databind.ObjectMapper om = software.amazon.jsii.JsiiObjectMapper.INSTANCE;
            final com.fasterxml.jackson.databind.node.ObjectNode data = com.fasterxml.jackson.databind.node.JsonNodeFactory.instance.objectNode();

            data.set(\\"first\\", om.valueToTree(this.getFirst()));
            data.set(\\"last\\", om.valueToTree(this.getLast()));
            if (this.getMiddle() != null) {
                data.set(\\"middle\\", om.valueToTree(this.getMiddle()));
            }
            if (this.getObjectWithPropertiesAndBooleanAdditionalProperties() != null) {
                data.set(\\"objectWithPropertiesAndBooleanAdditionalProperties\\", om.valueToTree(this.getObjectWithPropertiesAndBooleanAdditionalProperties()));
            }
            if (this.getObjectWithPropertiesAndTypedAdditionalProperties() != null) {
                data.set(\\"objectWithPropertiesAndTypedAdditionalProperties\\", om.valueToTree(this.getObjectWithPropertiesAndTypedAdditionalProperties()));
            }
            if (this.getObjectWithTypedAdditionalPropertiesOnly() != null) {
                data.set(\\"objectWithTypedAdditionalPropertiesOnly\\", om.valueToTree(this.getObjectWithTypedAdditionalPropertiesOnly()));
            }

            final com.fasterxml.jackson.databind.node.ObjectNode struct = com.fasterxml.jackson.databind.node.JsonNodeFactory.instance.objectNode();
            struct.set(\\"fqn\\", om.valueToTree(\\"1bc04b5291c26a46d918139138b992d2de976d6851d0893b0476b85bfbdfc6e6.Name\\"));
            struct.set(\\"data\\", data);

            final com.fasterxml.jackson.databind.node.ObjectNode obj = com.fasterxml.jackson.databind.node.JsonNodeFactory.instance.objectNode();
            obj.set(\\"$jsii.struct\\", struct);

            return obj;
        }

        @Override
        public final boolean equals(final Object o) {
            if (this == o) return true;
            if (o == null || getClass() != o.getClass()) return false;

            Name.Jsii$Proxy that = (Name.Jsii$Proxy) o;

            if (!first.equals(that.first)) return false;
            if (!last.equals(that.last)) return false;
            if (this.middle != null ? !this.middle.equals(that.middle) : that.middle != null) return false;
            if (this.objectWithPropertiesAndBooleanAdditionalProperties != null ? !this.objectWithPropertiesAndBooleanAdditionalProperties.equals(that.objectWithPropertiesAndBooleanAdditionalProperties) : that.objectWithPropertiesAndBooleanAdditionalProperties != null) return false;
            if (this.objectWithPropertiesAndTypedAdditionalProperties != null ? !this.objectWithPropertiesAndTypedAdditionalProperties.equals(that.objectWithPropertiesAndTypedAdditionalProperties) : that.objectWithPropertiesAndTypedAdditionalProperties != null) return false;
            return this.objectWithTypedAdditionalPropertiesOnly != null ? this.objectWithTypedAdditionalPropertiesOnly.equals(that.objectWithTypedAdditionalPropertiesOnly) : that.objectWithTypedAdditionalPropertiesOnly == null;
        }

        @Override
        public final int hashCode() {
            int result = this.first.hashCode();
            result = 31 * result + (this.last.hashCode());
            result = 31 * result + (this.middle != null ? this.middle.hashCode() : 0);
            result = 31 * result + (this.objectWithPropertiesAndBooleanAdditionalProperties != null ? this.objectWithPropertiesAndBooleanAdditionalProperties.hashCode() : 0);
            result = 31 * result + (this.objectWithPropertiesAndTypedAdditionalProperties != null ? this.objectWithPropertiesAndTypedAdditionalProperties.hashCode() : 0);
            result = 31 * result + (this.objectWithTypedAdditionalPropertiesOnly != null ? this.objectWithTypedAdditionalPropertiesOnly.hashCode() : 0);
            return result;
        }
    }
}
"
`;

exports[`language bindings 4`] = `
"// 1bc04b5291c26a46d918139138b992d2de976d6851d0893b0476b85bfbdfc6e6
package myorg


type Name struct {
	First *string \`json:\\"first\\"\`
	Last *string \`json:\\"last\\"\`
	Middle *string \`json:\\"middle\\"\`
	ObjectWithPropertiesAndBooleanAdditionalProperties *NameObjectWithPropertiesAndBooleanAdditionalProperties \`json:\\"objectWithPropertiesAndBooleanAdditionalProperties\\"\`
	ObjectWithPropertiesAndTypedAdditionalProperties *NameObjectWithPropertiesAndTypedAdditionalProperties \`json:\\"objectWithPropertiesAndTypedAdditionalProperties\\"\`
	ObjectWithTypedAdditionalPropertiesOnly *map[string]*string \`json:\\"objectWithTypedAdditionalPropertiesOnly\\"\`
}

type NameObjectWithPropertiesAndBooleanAdditionalProperties struct {
	Name *string \`json:\\"name\\"\`
}

type NameObjectWithPropertiesAndTypedAdditionalProperties struct {
	Name *string \`json:\\"name\\"\`
}

"
`;

exports[`language bindings 5`] = `
"using Amazon.JSII.Runtime.Deputy;

#pragma warning disable CS0672,CS0809,CS1591

namespace myorg
{
    #pragma warning disable CS8618

    /// <remarks>
    /// <strong>Schema</strong>: Name
    /// </remarks>
    [JsiiByValue(fqn: \\"1bc04b5291c26a46d918139138b992d2de976d6851d0893b0476b85bfbdfc6e6.Name\\")]
    public class Name : myorg.IName
    {
        /// <remarks>
        /// <strong>Schema</strong>: Name#first
        /// </remarks>
        [JsiiProperty(name: \\"first\\", typeJson: \\"{\\\\\\"primitive\\\\\\":\\\\\\"string\\\\\\"}\\", isOverride: true)]
        public string First
        {
            get;
            set;
        }

        /// <remarks>
        /// <strong>Schema</strong>: Name#last
        /// </remarks>
        [JsiiProperty(name: \\"last\\", typeJson: \\"{\\\\\\"primitive\\\\\\":\\\\\\"string\\\\\\"}\\", isOverride: true)]
        public string Last
        {
            get;
            set;
        }

        /// <remarks>
        /// <strong>Schema</strong>: Name#middle
        /// </remarks>
        [JsiiOptional]
        [JsiiProperty(name: \\"middle\\", typeJson: \\"{\\\\\\"primitive\\\\\\":\\\\\\"string\\\\\\"}\\", isOptional: true, isOverride: true)]
        public string? Middle
        {
            get;
            set;
        }

        /// <remarks>
        /// <strong>Schema</strong>: Name#objectWithPropertiesAndBooleanAdditionalProperties
        /// </remarks>
        [JsiiOptional]
        [JsiiProperty(name: \\"objectWithPropertiesAndBooleanAdditionalProperties\\", typeJson: \\"{\\\\\\"fqn\\\\\\":\\\\\\"1bc04b5291c26a46d918139138b992d2de976d6851d0893b0476b85bfbdfc6e6.NameObjectWithPropertiesAndBooleanAdditionalProperties\\\\\\"}\\", isOptional: true, isOverride: true)]
        public myorg.INameObjectWithPropertiesAndBooleanAdditionalProperties? ObjectWithPropertiesAndBooleanAdditionalProperties
        {
            get;
            set;
        }

        /// <remarks>
        /// <strong>Schema</strong>: Name#objectWithPropertiesAndTypedAdditionalProperties
        /// </remarks>
        [JsiiOptional]
        [JsiiProperty(name: \\"objectWithPropertiesAndTypedAdditionalProperties\\", typeJson: \\"{\\\\\\"fqn\\\\\\":\\\\\\"1bc04b5291c26a46d918139138b992d2de976d6851d0893b0476b85bfbdfc6e6.NameObjectWithPropertiesAndTypedAdditionalProperties\\\\\\"}\\", isOptional: true, isOverride: true)]
        public myorg.INameObjectWithPropertiesAndTypedAdditionalProperties? ObjectWithPropertiesAndTypedAdditionalProperties
        {
            get;
            set;
        }

        /// <remarks>
        /// <strong>Schema</strong>: Name#objectWithTypedAdditionalPropertiesOnly
        /// </remarks>
        [JsiiOptional]
        [JsiiProperty(name: \\"objectWithTypedAdditionalPropertiesOnly\\", typeJson: \\"{\\\\\\"collection\\\\\\":{\\\\\\"elementtype\\\\\\":{\\\\\\"primitive\\\\\\":\\\\\\"string\\\\\\"},\\\\\\"kind\\\\\\":\\\\\\"map\\\\\\"}}\\", isOptional: true, isOverride: true)]
        public System.Collections.Generic.IDictionary<string, string>? ObjectWithTypedAdditionalPropertiesOnly
        {
            get;
            set;
        }
    }
}
"
`;
